| 필터 | 통과 | 불통 | 판정 불가 |
|---|---|---|---|
| F1 | 73 | 58 | 0 |
| F2 | 73 | 58 | 0 |
| F3 | 116 | 14 | 1 |
| F4 | 59 | 72 | 0 |
| F5 | 127 | 4 | 0 |
| F1s | 34 | 97 | 0 |

누적 (F1 = 근사)
  ~F1: 73 씨앗, 환경 27, 환경당 3 상한 44 (기준 14)
  ~F2: 49 씨앗, 환경 19, 환경당 3 상한 30 (기준 14)
  ~F3: 49 씨앗, 환경 19, 환경당 3 상한 30 (기준 14)
  ~F4: 27 씨앗, 환경 12, 환경당 3 상한 22 (기준 14)
  ~F5: 27 씨앗, 환경 12, 환경당 3 상한 22 (기준 14)

누적 (F1s = 근사 ∧ 일회성 표지 없음)
  ~F1s: 34 씨앗, 환경 16, 환경당 3 상한 25 (기준 14)
  ~F2: 21 씨앗, 환경 11, 환경당 3 상한 15 (기준 14)
  ~F3: 21 씨앗, 환경 11, 환경당 3 상한 15 (기준 14)
  ~F4: 9 씨앗, 환경 6, 환경당 3 상한 8 (기준 14)
  ~F5: 9 씨앗, 환경 6, 환경당 3 상한 8 (기준 14)
